// Jest Snapshot v1, https://goo.gl/fbAQLP

exports[`Tests for the Alphabet section Should render the Alphabet section 1`] = `
<Fragment>
  <button
    className="active"
    disabled={true}
    key="65"
    onClick={[MockFunction]}
    type="button"
    value="A"
  >
    a
    <sub
      className="disabled"
    >
      0
    </sub>
  </button>
  <button
    className=""
    disabled={true}
    key="66"
    onClick={[MockFunction]}
    type="button"
    value="B"
  >
    b
    <sub
      className="disabled"
    >
      0
    </sub>
  </button>
  <button
    className=""
    disabled={true}
    key="67"
    onClick={[MockFunction]}
    type="button"
    value="C"
  >
    c
    <sub
      className="disabled"
    >
      0
    </sub>
  </button>
  <button
    className=""
    disabled={true}
    key="68"
    onClick={[MockFunction]}
    type="button"
    value="D"
  >
    d
    <sub
      className="disabled"
    >
      0
    </sub>
  </button>
  <button
    className=""
    disabled={true}
    key="69"
    onClick={[MockFunction]}
    type="button"
    value="E"
  >
    e
    <sub
      className="disabled"
    >
      0
    </sub>
  </button>
  <button
    className=""
    disabled={true}
    key="70"
    onClick={[MockFunction]}
    type="button"
    value="F"
  >
    f
    <sub
      className="disabled"
    >
      0
    </sub>
  </button>
  <button
    className=""
    disabled={true}
    key="71"
    onClick={[MockFunction]}
    type="button"
    value="G"
  >
    g
    <sub
      className="disabled"
    >
      0
    </sub>
  </button>
  <button
    className=""
    disabled={true}
    key="72"
    onClick={[MockFunction]}
    type="button"
    value="H"
  >
    h
    <sub
      className="disabled"
    >
      0
    </sub>
  </button>
  <button
    className=""
    disabled={true}
    key="73"
    onClick={[MockFunction]}
    type="button"
    value="I"
  >
    i
    <sub
      className="disabled"
    >
      0
    </sub>
  </button>
  <button
    className=""
    disabled={true}
    key="74"
    onClick={[MockFunction]}
    type="button"
    value="J"
  >
    j
    <sub
      className="disabled"
    >
      0
    </sub>
  </button>
  <button
    className=""
    disabled={true}
    key="75"
    onClick={[MockFunction]}
    type="button"
    value="K"
  >
    k
    <sub
      className="disabled"
    >
      0
    </sub>
  </button>
  <button
    className=""
    disabled={true}
    key="76"
    onClick={[MockFunction]}
    type="button"
    value="L"
  >
    l
    <sub
      className="disabled"
    >
      0
    </sub>
  </button>
  <button
    className=""
    disabled={true}
    key="77"
    onClick={[MockFunction]}
    type="button"
    value="M"
  >
    m
    <sub
      className="disabled"
    >
      0
    </sub>
  </button>
  <button
    className=""
    disabled={true}
    key="78"
    onClick={[MockFunction]}
    type="button"
    value="N"
  >
    n
    <sub
      className="disabled"
    >
      0
    </sub>
  </button>
  <button
    className=""
    disabled={true}
    key="79"
    onClick={[MockFunction]}
    type="button"
    value="O"
  >
    o
    <sub
      className="disabled"
    >
      0
    </sub>
  </button>
  <button
    className=""
    disabled={true}
    key="80"
    onClick={[MockFunction]}
    type="button"
    value="P"
  >
    p
    <sub
      className="disabled"
    >
      0
    </sub>
  </button>
  <button
    className=""
    disabled={true}
    key="81"
    onClick={[MockFunction]}
    type="button"
    value="Q"
  >
    q
    <sub
      className="disabled"
    >
      0
    </sub>
  </button>
  <button
    className=""
    disabled={true}
    key="82"
    onClick={[MockFunction]}
    type="button"
    value="R"
  >
    r
    <sub
      className="disabled"
    >
      0
    </sub>
  </button>
  <button
    className=""
    disabled={true}
    key="83"
    onClick={[MockFunction]}
    type="button"
    value="S"
  >
    s
    <sub
      className="disabled"
    >
      0
    </sub>
  </button>
  <button
    className=""
    disabled={true}
    key="84"
    onClick={[MockFunction]}
    type="button"
    value="T"
  >
    t
    <sub
      className="disabled"
    >
      0
    </sub>
  </button>
  <button
    className=""
    disabled={true}
    key="85"
    onClick={[MockFunction]}
    type="button"
    value="U"
  >
    u
    <sub
      className="disabled"
    >
      0
    </sub>
  </button>
  <button
    className=""
    disabled={true}
    key="86"
    onClick={[MockFunction]}
    type="button"
    value="V"
  >
    v
    <sub
      className="disabled"
    >
      0
    </sub>
  </button>
  <button
    className=""
    disabled={true}
    key="87"
    onClick={[MockFunction]}
    type="button"
    value="W"
  >
    w
    <sub
      className="disabled"
    >
      0
    </sub>
  </button>
  <button
    className=""
    disabled={true}
    key="88"
    onClick={[MockFunction]}
    type="button"
    value="X"
  >
    x
    <sub
      className="disabled"
    >
      0
    </sub>
  </button>
  <button
    className=""
    disabled={true}
    key="89"
    onClick={[MockFunction]}
    type="button"
    value="Y"
  >
    y
    <sub
      className="disabled"
    >
      0
    </sub>
  </button>
  <button
    className=""
    disabled={true}
    key="90"
    onClick={[MockFunction]}
    type="button"
    value="Z"
  >
    z
    <sub
      className="disabled"
    >
      0
    </sub>
  </button>
</Fragment>
`;
